/home/vagrant/ShadowStack/test-files/build/exec: ELF 64-bit LSB executable, x86-64, version 1 (SYSV), dynamically linked, interpreter /lib64/ld-linux-x86-64.so.2, for GNU/Linux 2.6.32, BuildID[sha1]=97c2255a3dd4ea9e6dbc7d116f955776c0eb4855, not stripped
